epoch 1 train_loss 3.810 val_loss 3.624
epoch 2 train_loss 3.720 val_loss 3.548
epoch 3 train_loss 3.630 val_loss 3.472
epoch 4 train_loss 3.540 val_loss 3.396
epoch 5 train_loss 3.450 val_loss 3.320
epoch 6 train_loss 3.360 val_loss 3.244
epoch 7 train_loss 3.270 val_loss 3.168
epoch 8 train_loss 3.180 val_loss 3.092
epoch 9 train_loss 3.090 val_loss 3.016
epoch 10 train_loss 3.000 val_loss 2.940
epoch 11 train_loss 2.910 val_loss 2.864
epoch 12 train_loss 2.820 val_loss 2.788
epoch 13 train_loss 2.730 val_loss 2.712
epoch 14 train_loss 2.640 val_loss 2.636
epoch 15 train_loss 2.550 val_loss 2.560
epoch 16 train_loss 2.460 val_loss 2.484
epoch 17 train_loss 2.370 val_loss 2.408
epoch 18 train_loss 2.280 val_loss 2.332
epoch 19 train_loss 2.190 val_loss 2.256
epoch 20 train_loss 2.100 val_loss 2.180
